LTspice 26.0.2 for Windows
Circuit: C:\Users\vishnu\Documents\GitHub\INDUCTION-SPICE-SIMULATIONS\Draft1.net
Start Time: Mon Aug 10 21:18:36 2026
solver = Normal
Maximum thread count: 16
tnom = 27
temp = 27
method = trap
Direct Newton iteration failed to find operating point.
Starting Gmin stepping
Gmin stepping failed to find operating point. Use".option gminsteps=0" to skip all Gmin stepping.
Starting source stepping with srcstepmethod=0
Starting source stepping with srcstepmethod=1
Source stepping failed to find operating point. Use ".options srcsteps=0" to skip all source stepping.
Starting Gmin stepping level 2
Gmin stepping aborted per request.

Starting source stepping with srcstepmethod=1, level 2
Source stepping aborted.
Starting source stepping with srcstepmethod=0, level 2
Source stepping aborted.
Pseudo Transient cancelled by user at 1.60242 ms
Pseudo Transient level 2 cancelled by user at 226.619 µs
Trouble finding operating point....skipping operating point for Transient analysis.

Simulation stopped by user.
Total elapsed time: 151.761 seconds.

Files loaded:
C:\Users\vishnu\Documents\GitHub\INDUCTION-SPICE-SIMULATIONS\Draft1.net
C:\Users\vishnu\AppData\Local\LTspice\lib\cmp\standard.dio
C:\Users\vishnu\Documents\GitHub\INDUCTION-SPICE-SIMULATIONS\lm2901.lib

